export const snapshot = {};

snapshot[`Hero > should render correctly 1`] = `'<div class="text-center space-y-2 pt-24 lg:pt-32 text-white relative"><div class="absolute top-0 left-0 w-full h-[85%] lg:h-[75%] z-[-1]"><svg class="z-0 min-h-full" xmlns="http://www.w3.org/2000/svg" width="100%" height="100%" viewbox="0 0 1567 884" fill="none" preserveaspectratio="none"><path class="z-0" d="M0 -103L1567 -57.3276V776L0 884V-103Z" fill="#0D003D"></path></svg></div><div class="z-10 space-y-8 select-none"><h2 class="text-5xl xl:text-6xl 2xl:text-7xl font-bold tracking-[0.03em]">Run your <span class="text-transparent bg-clip-text bg-gradient-to-r from-[#A38CF0] to-[#C83D79]">README.md</span></h2><h3 class="text-2xl">Use dev-friendly markdown to craft interactive runbooks for <br class="sm:hidden md:block lg:hidden"><span id="vscode-bolt" class="relative"> VS Code.</span></h3><div class="flex flex-col items-center justify-center py-12 space-y-4"><div class="bg-[#5B3ADF] py-[20px] rounded-[60px] text-base w-[280px] h-[40px] flex items-center justify-center font-semibold"><a href="https://marketplace.visualstudio.com/items?itemName=stateful.runme">Install the extension</a></div><div class="">or search <i class="rounded-[6px] font-bold text-black bg-[#42FCCC] p-1.5">runme</i> in the VS Code extension panel</div></div></div><div class="w-4/5 md:w-3/4 mx-auto lg:max-w-[800px] xl:max-w-[1000px] 2xl:max-w-[1200px]"><img src="/intro.gif" class="rounded-lg shadow-2xl select-none"></div></div>'`;

snapshot[`Sections > should render CLI section correctly 1`] = `'<div class="px-1 my-32 flex flex-col items-center justify-center space-y-8 text-center"><h1 id="yellow-arrows-graphic" class="relative text-4xl lg:text-6xl tracking-[0.02em] font-bold">Command Line Interface</h1><p class="text-2xl leading-9">Parse and run markdown files in the terminal.</p><img src="/terminal.png" alt="Terminal with rdme list command"></div>'`;

snapshot[`Sections > should render Repo section correctly 1`] = `'<div class="flex md:flex-row md:space-x-2 flex-col md:space-y-0 space-y-1 md:justify-start items-center md:items-start"><div><svg width="24px" height="24px" viewbox="0 0 32 32" stroke="#d53f8c" xmlns="http://www.w3.org/2000/svg"><path d="M 16 2 C 15.496094 2 15.003906 2.183594 14.625 2.5625 L 11.8125 5.40625 C 11.660156 5.488281 11.53125 5.605469 11.4375 5.75 L 2.5625 14.625 C 1.804688 15.378906 1.804688 16.617188 2.5625 17.375 L 14.625 29.4375 C 15.382813 30.191406 16.617188 30.191406 17.375 29.4375 L 29.4375 17.375 C 30.195313 16.621094 30.195313 15.382813 29.4375 14.625 L 17.375 2.5625 C 16.996094 2.183594 16.503906 2 16 2 Z M 16 4.03125 L 27.96875 16 L 16 27.96875 L 4.03125 16 L 12.3125 7.71875 L 14.0625 9.46875 C 14.015625 9.636719 14 9.816406 14 10 C 14 10.738281 14.402344 11.371094 15 11.71875 L 15 20.28125 C 14.402344 20.628906 14 21.261719 14 22 C 14 23.105469 14.894531 24 16 24 C 17.105469 24 18 23.105469 18 22 C 18 21.261719 17.597656 20.628906 17 20.28125 L 17 12.4375 L 20.0625 15.5 C 20.019531 15.660156 20 15.828125 20 16 C 20 17.105469 20.894531 18 22 18 C 23.105469 18 24 17.105469 24 16 C 24 14.894531 23.105469 14 22 14 C 21.828125 14 21.660156 14.019531 21.5 14.0625 L 17.9375 10.5 C 17.980469 10.339844 18 10.171875 18 10 C 18 8.894531 17.105469 8 16 8 C 15.816406 8 15.636719 8.015625 15.46875 8.0625 L 13.71875 6.3125 Z"></path></svg></div><a href="https://github.com/webdriverio/webdriverio" class="text-blue-400 hover:text-blue-500 hover:underline">WebdriverIO</a><div>A cool repo</div></div>'`;

snapshot[`Sections > should render HowItWorks section correctly 1`] = `\`<div class="max-w-[1440px] my-32 mx-auto px-12 py-6 flex flex-col items-center py-14"><div class="text-center"><h1 id="arrows-graphic" class="relative text-4xl md:text-5xl lg:text-6xl tracking-[0.02em] font-bold">How it works</h1><div class="max-w-[600px]"><p class="text-2xl leading-9">Everything a markdown file can do and way more. <span id="underline-graphic" class="relative whitespace-nowrap">No changes </span>required.</p></div></div><div class="flex flex-col lg:grid grid-cols-2 gap-2 w-full justify-center"><div class="p-4 flex flex-col items-center justify-center text-center space-y-1"><div><svg xmlns="http://www.w3.org/2000/svg" fill="none" viewbox="0 0 24 24" stroke-width="1.5" stroke="#d53f8c" class="w-10 h-10"><path stroke-linecap="round" stroke-linejoin="round" d="M5.25 5.653c0-.856.917-1.398 1.667-.986l11.54 6.348a1.125 1.125 0 010 1.971l-11.54 6.347a1.125 1.125 0 01-1.667-.985V5.653z"></path></svg></div><h1 class="font-bold text-2xl">Click to run commands</h1><p>Effortlessly complete your README's steps</p></div><div class="p-4 flex flex-col items-center justify-center text-center space-y-1"><div><svg xmlns="http://www.w3.org/2000/svg" fill="none" viewbox="0 0 24 24" stroke-width="1.5" stroke="#d53f8c" class="w-10 h-10"><path stroke-linecap="round" stroke-linejoin="round" d="M3.375 19.5h17.25m-17.25 0a1.125 1.125 0 01-1.125-1.125M3.375 19.5h7.5c.621 0 1.125-.504 1.125-1.125m-9.75 0V5.625m0 12.75v-1.5c0-.621.504-1.125 1.125-1.125m18.375 2.625V5.625m0 12.75c0 .621-.504 1.125-1.125 1.125m1.125-1.125v-1.5c0-.621-.504-1.125-1.125-1.125m0 3.75h-7.5A1.125 1.125 0 0112 18.375m9.75-12.75c0-.621-.504-1.125-1.125-1.125H3.375c-.621 0-1.125.504-1.125 1.125m19.5 0v1.5c0 .621-.504 1.125-1.125 1.125M2.25 5.625v1.5c0 .621.504 1.125 1.125 1.125m0 0h17.25m-17.25 0h7.5c.621 0 1.125.504 1.125 1.125M3.375 8.25c-.621 0-1.125.504-1.125 1.125v1.5c0 .621.504 1.125 1.125 1.125m17.25-3.75h-7.5c-.621 0-1.125.504-1.125 1.125m8.625-1.125c.621 0 1.125.504 1.125 1.125v1.5c0 .621-.504 1.125-1.125 1.125m-17.25 0h7.5m-7.5 0c-.621 0-1.125.504-1.125 1.125v1.5c0 .621.504 1.125 1.125 1.125M12 10.875v-1.5m0 1.5c0 .621-.504 1.125-1.125 1.125M12 10.875c0 .621.504 1.125 1.125 1.125m-2.25 0c.621 0 1.125.504 1.125 1.125M13.125 12h7.5m-7.5 0c-.621 0-1.125.504-1.125 1.125M20.625 12c.621 0 1.125.504 1.125 1.125v1.5c0 .621-.504 1.125-1.125 1.125m-17.25 0h7.5M12 14.625v-1.5m0 1.5c0 .621-.504 1.125-1.125 1.125M12 14.625c0 .621.504 1.125 1.125 1.125m-2.25 0c.621 0 1.125.504 1.125 1.125m0 1.5v-1.5m0 0c0-.621.504-1.125 1.125-1.125m0 0h7.5"></path></svg></div><h1 class="font-bold text-2xl">Rich notebook interactivity</h1><p>Overlay commands with web app like interactivity</p></div><div class="p-4 flex flex-col items-center justify-center text-center space-y-1"><div><svg xmlns="http://www.w3.org/2000/svg" fill="none" viewbox="0 0 24 24" stroke-width="1.5" stroke="#d53f8c" class="w-10 h-10"><path stroke-linecap="round" stroke-linejoin="round" d="M6.75 7.5l3 2.25-3 2.25m4.5 0h3m-9 8.25h13.5A2.25 2.25 0 0021 18V6a2.25 2.25 0 00-2.25-2.25H5.25A2.25 2.25 0 003 6v12a2.25 2.25 0 002.25 2.25z"></path></svg></div><h1 class="font-bold text-2xl">Baseline shell compatibility</h1><p>Break out of shell without losing compatability</p></div><div class="p-4 flex flex-col items-center justify-center text-center space-y-1"><div><svg xmlns="http://www.w3.org/2000/svg" fill="none" viewbox="0 0 24 24" stroke-width="1.5" stroke="#d53f8c" class="w-10 h-10"><path stroke-linecap="round" stroke-linejoin="round" d="M4.745 3A23.933 23.933 0 003 12c0 3.183.62 6.22 1.745 9M19.5 3c.967 2.78 1.5 5.817 1.5 9s-.533 6.22-1.5 9M8.25 8.885l1.444-.89a.75.75 0 011.105.402l2.402 7.206a.75.75 0 001.104.401l1.445-.889m-8.25.75l.213.09a1.687 1.687 0 002.062-.617l4.45-6.676a1.688 1.688 0 012.062-.618l.213.09"></path></svg></div><h1 class="font-bold text-2xl">Stateful environment variables</h1><p>Reliably define the execution environment</p></div><div class="p-4 flex flex-col items-center justify-center text-center space-y-1"><div><svg xmlns="http://www.w3.org/2000/svg" fill="none" viewbox="0 0 24 24" strokewidth="1.5" stroke="#d53f8c" class="w-10 h-10"><path strokelinecap="round" strokelinejoin="round" d="M15.666 3.888A2.25 2.25 0 0013.5 2.25h-3c-1.03 0-1.9.693-2.166 1.638m7.332 0c.055.194.084.4.084.612v0a.75.75 0 01-.75.75H9a.75.75 0 01-.75-.75v0c0-.212.03-.418.084-.612m7.332 0c.646.049 1.288.11 1.927.184 1.1.128 1.907 1.077 1.907 2.185V19.5a2.25 2.25 0 01-2.25 2.25H6.75A2.25 2.25 0 014.5 19.5V6.257c0-1.108.806-2.057 1.907-2.185a48.208 48.208 0 011.927-.184"></path></svg></div><h1 class="font-bold text-2xl">Click to copy</h1><p>Copy &amp; paste with environment variables filled in</p></div><div class="p-4 flex flex-col items-center justify-center text-center space-y-1"><div><svg xmlns="http://www.w3.org/2000/svg" fill="none" viewbox="0 0 24 24" stroke-width="1.5" stroke="#d53f8c" class="w-10 h-10"><path stroke-linecap="round" stroke-linejoin="round" d="M2.25 15a4.5 4.5 0 004.5 4.5H18a3.75 3.75 0 001.332-7.257 3 3 0 00-3.758-3.848 5.25 5.25 0 00-10.233 2.33A4.502 4.502 0 002.25 15z"></path></svg></div><h1 class="font-bold text-2xl">Cloud-native notebooks</h1><p>Deeply integrated with your favorite cloud services</p></div></div></div>\``;

snapshot[`Sections > should render OpenSource section correctly 1`] = `'<div class="relative mb-32 flex items-center justify-center min-h-[50vh] px-12 flex flex-col items-center overflow-x-hidden text-white"><div class="absolute w-full h-full z-[-1] top-0"><svg xmlns="http://www.w3.org/2000/svg" width="100%" height="100%" preserveaspectratio="none" viewbox="0 0 1567 800" fill="none"><path d="M0 0L1567 102.793V718.665L-11 800L0 0Z" fill="#33384D"></path></svg></div><div class="py-48 flex flex-col lg:flex-row"><div class="w-auto space-y-4"><div class="flex flex-col-reverse lg:flex-row lg:space-x-4"><h1 class="text-white text-4xl xs:text-5xl lg:text-6xl tracking-[0.02em] font-bold">Open Source Software</h1><div class="flex-grow w-3/4"><svg xmlns="http://www.w3.org/2000/svg" width="122" height="122" viewbox="0 0 122 122" fill="none"><g filter="url(#filter0_d_1205_1615)"><circle cx="61" cy="57" r="46" fill="white"></circle></g><path d="M71.9904 25.4402C70.986 26.0294 69.3144 27.6977 67.3203 30.1172L69.1476 33.5494C70.4337 31.7265 71.7384 30.0803 73.0394 28.6883C73.1431 28.5778 73.1913 28.5263 73.1913 28.5263C73.1431 28.5778 73.0875 28.6367 73.0394 28.6883C72.6131 29.1523 71.3196 30.6548 69.37 33.623C71.2491 33.531 74.1142 33.148 76.4864 32.7503C77.1906 28.8467 75.8007 27.079 75.8007 27.079C75.8007 27.079 74.0364 24.2434 71.983 25.455L71.9904 25.4402Z" fill="url(#paint0_linear_1205_1615)"></path><path d="M65.8399 54.2717C65.6064 54.3122 65.3692 54.3564 65.1209 54.3969C65.1209 54.3969 65.1172 54.3969 65.1172 54.4006C65.2432 54.3822 65.3655 54.3638 65.4878 54.3454C65.6027 54.3196 65.7213 54.2975 65.8399 54.2717Z" fill="#BD202E"></path><path d="M65.8399 54.2717C65.6064 54.3122 65.3692 54.3564 65.1209 54.3969C65.1209 54.3969 65.1172 54.3969 65.1172 54.4006C65.2432 54.3822 65.3655 54.3638 65.4878 54.3454C65.6027 54.3196 65.7213 54.2975 65.8399 54.2717Z" fill="black"></path><path d="M66.4685 51.2889C66.4648 51.2889 66.4648 51.2889 66.4648 51.2926C66.5019 51.2889 66.5427 51.2815 66.5797 51.2742C66.7354 51.2521 66.8874 51.2263 67.0356 51.1895C66.8503 51.2226 66.665 51.2557 66.4685 51.2889Z" fill="#BD202E"></path><path d="M66.4685 51.2889C66.4648 51.2889 66.4648 51.2889 66.4648 51.2926C66.5019 51.2889 66.5427 51.2815 66.5797 51.2742C66.7354 51.2521 66.8874 51.2263 67.0356 51.1895C66.8503 51.2226 66.665 51.2557 66.4685 51.2889Z" fill="black"></path><path d="M63.7611 42.4133C64.317 41.3785 64.8804 40.3694 65.4475 39.3898C66.0368 38.3661 66.6373 37.3791 67.2414 36.4216C67.2748 36.3664 67.3155 36.3075 67.3489 36.2522C67.9456 35.3132 68.5498 34.4072 69.1539 33.5455L67.3267 30.1133C67.1895 30.279 67.0524 30.4484 66.9115 30.6252C66.3815 31.2807 65.8367 31.9804 65.2733 32.728C64.6395 33.5676 63.9909 34.4662 63.3274 35.4089C62.7196 36.278 62.0969 37.1876 61.4742 38.1341C60.9442 38.9369 60.4178 39.7618 59.8915 40.6088C59.873 40.6383 59.8545 40.6714 59.8359 40.7045L62.2192 45.3815C62.7233 44.3688 63.2422 43.3781 63.7611 42.4133Z" fill="url(#paint1_linear_1205_1615)"></path><path d="M52.9041 68.7445C52.5891 69.6026 52.2703 70.4827 51.9553 71.3776C51.9516 71.3886 51.9479 71.4034 51.9404 71.4144C51.896 71.5396 51.8478 71.6685 51.807 71.7937C51.592 72.3977 51.4067 72.9427 50.9805 74.1764C51.681 74.4931 52.2444 75.3327 52.7781 76.2829C52.7225 75.2996 52.3148 74.3753 51.5327 73.6608C54.9908 73.8155 57.9819 72.9464 59.5016 70.4348C59.6387 70.2102 59.7647 69.9782 59.8796 69.7241C59.1791 70.6079 58.3081 70.9799 56.6736 70.8915C56.6699 70.8915 56.6662 70.8952 56.6624 70.8952C56.6662 70.8952 56.6699 70.8915 56.6736 70.8915C59.0828 69.8198 60.2874 68.7924 61.3437 67.0984C61.5957 66.6933 61.8441 66.255 62.0961 65.7653C59.9908 67.9122 57.5742 68.5236 54.9797 68.0595L53.0524 68.2695C52.9894 68.4315 52.9338 68.5898 52.8708 68.7519L52.9041 68.7445Z" fill="url(#paint2_linear_1205_1615)"></path><path d="M53.8342 64.4723C54.2494 63.4044 54.6793 62.3217 55.1167 61.2316C55.5392 60.1858 55.9692 59.1325 56.4139 58.0793C56.8587 57.0261 57.3109 55.9618 57.7705 54.9012C58.2375 53.8222 58.7193 52.7468 59.2123 51.6752C59.6978 50.6146 60.1871 49.5613 60.6875 48.5228C60.8654 48.1472 61.0507 47.7716 61.2323 47.3996C61.5474 46.7552 61.8661 46.1144 62.1886 45.481C62.2071 45.4478 62.2219 45.411 62.2405 45.3779L59.8572 40.7009C59.8202 40.7635 59.7794 40.8298 59.7386 40.8887C59.1826 41.791 58.6304 42.7116 58.0892 43.6507C57.5407 44.6008 57.0033 45.5694 56.4769 46.5526C56.0359 47.3812 55.6022 48.2135 55.176 49.0605C55.0907 49.2299 55.0092 49.403 54.9239 49.5724C54.405 50.6367 53.938 51.6568 53.5118 52.6474C53.0299 53.7632 52.6074 54.8312 52.2405 55.8439C51.9958 56.5105 51.7772 57.1513 51.5733 57.7699C51.4065 58.2966 51.2509 58.8269 51.0952 59.3535C50.7394 60.5908 50.4317 61.8282 50.1797 63.0729L52.5741 67.7867C52.8891 66.9471 53.2153 66.0927 53.5488 65.231C53.6489 64.9842 53.7379 64.7412 53.8342 64.5055V64.4723Z" fill="url(#paint3_linear_1205_1615)"></path><path d="M50.1231 63.2203C49.8229 64.7228 49.608 66.218 49.5005 67.7131L49.4893 67.8678C48.7406 66.6783 46.7429 65.5183 46.7466 65.5293C48.181 67.5916 49.267 69.6539 49.4263 71.6425C48.6591 71.7972 47.6102 71.5725 46.3982 71.1306C47.6621 72.287 48.6109 72.6037 48.9853 72.692C47.8214 72.7657 46.6131 73.5575 45.3937 74.4708C47.1765 73.749 48.6183 73.4617 49.6561 73.6937C48.0179 78.297 46.3796 83.3791 44.7266 88.7925C45.2306 88.6452 45.5309 88.3064 45.6977 87.8535C45.9905 86.8776 47.9289 80.4514 50.9608 72.0549C51.0498 71.8156 51.135 71.5725 51.224 71.3332C51.2462 71.2632 51.2721 71.1969 51.2981 71.1343C51.6168 70.2505 51.9541 69.3482 52.2951 68.4276C52.373 68.2176 52.4508 68.0077 52.5323 67.7978C52.5323 67.7941 52.536 67.7905 52.536 67.7868L50.138 63.073C50.1306 63.1209 50.1194 63.1761 50.1083 63.2314L50.1231 63.2203Z" fill="url(#paint4_linear_1205_1615)"></path><path d="M62.574 45.7649C62.5036 45.9048 62.4369 46.0447 62.3665 46.1847C62.1589 46.6082 61.9514 47.0391 61.7364 47.481C61.5066 47.9597 61.2768 48.4458 61.0433 48.9467C60.9247 49.1971 60.8061 49.4512 60.6875 49.709C60.3316 50.4786 59.9721 51.2741 59.6052 52.0953C59.1567 53.1007 58.6934 54.1502 58.2301 55.2403C57.789 56.2788 57.3331 57.3504 56.8809 58.4626C56.4473 59.5158 56.0099 60.6059 55.5651 61.7254C55.1686 62.7234 54.7683 63.7545 54.368 64.8115C54.3494 64.8593 54.3309 64.9146 54.3124 64.9624C53.9121 66.012 53.5081 67.091 53.1041 68.1958C53.0967 68.2216 53.0855 68.2437 53.0781 68.2731L55.0055 68.0632C54.9684 68.0559 54.9276 68.0522 54.8906 68.0448C57.1923 67.7612 60.2649 66.0488 62.2293 63.9203C63.1411 62.948 63.9677 61.7991 64.7312 60.4549C65.2983 59.4569 65.8357 58.3447 66.3472 57.1184C66.792 56.0468 67.2182 54.8831 67.6296 53.6273C67.0996 53.9035 66.4955 54.1097 65.8283 54.2497C65.7097 54.2754 65.5911 54.2975 65.4688 54.3196C65.3465 54.3417 65.2241 54.3601 65.0981 54.3749C65.0981 54.3749 65.1018 54.3749 65.1018 54.3712C67.2516 53.55 68.6044 51.9664 69.5866 50.0257C69.0233 50.4087 68.1041 50.9095 67.0032 51.1489C66.855 51.182 66.703 51.2078 66.5473 51.2336C66.5103 51.2373 66.4695 51.2446 66.4324 51.252H66.4399C67.1886 50.9426 67.815 50.5928 68.3598 50.184C68.4784 50.0956 68.5933 50.0073 68.6971 49.9115C68.8639 49.7679 69.0195 49.6169 69.1752 49.4622C69.2716 49.3591 69.3643 49.256 69.4569 49.1492C69.6719 48.8951 69.872 48.6226 70.0574 48.328C70.113 48.2359 70.1723 48.1475 70.2241 48.0518C70.2983 47.9155 70.365 47.7793 70.4317 47.6504C70.7319 47.0538 70.9728 46.5161 71.1619 46.0484C71.2582 45.8127 71.3398 45.5991 71.4139 45.3929C71.4436 45.3119 71.4695 45.2346 71.4955 45.1572C71.5733 44.9326 71.6326 44.7337 71.6808 44.557C71.7549 44.2918 71.7994 44.0819 71.8216 43.9309C71.7475 43.9861 71.666 44.0451 71.5696 44.1003C70.921 44.487 69.809 44.8332 68.9121 44.9989L70.68 44.8074L68.9121 44.9989C68.9009 45.0026 68.8861 45.0026 68.8713 45.0062C68.7786 45.021 68.6934 45.0357 68.6007 45.0467L68.6452 45.0247L62.6037 45.6838C62.6037 45.6986 62.5926 45.7244 62.5815 45.7464L62.574 45.7649Z" fill="url(#paint5_linear_1205_1615)"></path><path d="M69.4 33.6118C68.8625 34.433 68.2769 35.3648 67.6394 36.4217C67.6061 36.4732 67.569 36.5358 67.5393 36.5874C66.9945 37.5007 66.4163 38.5024 65.801 39.6035C65.2747 40.5536 64.7262 41.57 64.1554 42.6637C63.6587 43.6175 63.1472 44.6303 62.6172 45.7019L68.6587 45.0427C70.423 44.2362 71.2087 43.5107 71.9723 42.4538C72.1724 42.1629 72.38 41.8609 72.5801 41.5442C73.2028 40.5794 73.8107 39.5188 74.3555 38.4619C74.8818 37.4418 75.3451 36.4327 75.7009 35.5194C75.927 34.9413 76.1087 34.4036 76.2347 33.9285C76.3459 33.5124 76.4311 33.1147 76.4978 32.7354C74.1516 33.1368 71.2717 33.5198 69.3815 33.6118H69.4Z" fill="url(#paint6_linear_1205_1615)"></path><path d="M65.4683 54.3452C65.346 54.3673 65.2237 54.3857 65.0977 54.4005C65.2237 54.3894 65.3497 54.3673 65.4683 54.3452Z" fill="#BD202E"></path><path opacity="0.35" d="M65.4683 54.3452C65.346 54.3673 65.2237 54.3857 65.0977 54.4005C65.2237 54.3894 65.3497 54.3673 65.4683 54.3452Z" fill="#BD202E"></path><path d="M65.4683 54.3452C65.346 54.3673 65.2237 54.3857 65.0977 54.4005C65.2237 54.3894 65.3497 54.3673 65.4683 54.3452Z" fill="url(#paint7_linear_1205_1615)"></path><path d="M66.4648 51.2883C66.5019 51.2846 66.5427 51.2773 66.5797 51.2699C66.5427 51.2736 66.5056 51.2846 66.4648 51.2883Z" fill="#BD202E"></path><path opacity="0.35" d="M66.4648 51.2883C66.5019 51.2846 66.5427 51.2773 66.5797 51.2699C66.5427 51.2736 66.5056 51.2846 66.4648 51.2883Z" fill="#BD202E"></path><path d="M66.4648 51.2883C66.5019 51.2846 66.5427 51.2773 66.5797 51.2699C66.5427 51.2736 66.5056 51.2846 66.4648 51.2883Z" fill="url(#paint8_linear_1205_1615)"></path><path d="M66.4648 51.2887C66.4687 51.2887 66.4687 51.2848 66.4648 51.2887C66.4687 51.2848 66.4687 51.2887 66.4648 51.2887Z" fill="#BD202E"></path><path opacity="0.35" d="M66.4648 51.2887C66.4687 51.2887 66.4687 51.2848 66.4648 51.2887C66.4687 51.2848 66.4687 51.2887 66.4648 51.2887Z" fill="#BD202E"></path><path d="M66.4648 51.2887C66.4687 51.2887 66.4687 51.2848 66.4648 51.2887C66.4687 51.2848 66.4687 51.2887 66.4648 51.2887Z" fill="url(#paint9_linear_1205_1615)"></path><defs><filter id="filter0_d_1205_1615" x="0" y="0" width="122" height="122" filterunits="userSpaceOnUse" color-interpolation-filters="sRGB"><feflood flood-opacity="0" result="BackgroundImageFix"></feflood><fecolormatrix in="SourceAlpha" type="matrix" values="0 0 0 0 0 0 0 0 0 0 0 0 0 0 0 0 0 0 127 0" result="hardAlpha"></fecolormatrix><feoffset dy="4"></feoffset><fegaussianblur stddeviation="7.5"></fegaussianblur><fecomposite in2="hardAlpha" operator="out"></fecomposite><fecolormatrix type="matrix" values="0 0 0 0 0 0 0 0 0 0 0 0 0 0 0 0 0 0 0.25 0"></fecolormatrix><feblend mode="normal" in2="BackgroundImageFix" result="effect1_dropShadow_1205_1615"></feblend><feblend mode="normal" in="SourceGraphic" in2="effect1_dropShadow_1205_1615" result="shape"></feblend></filter><lineargradient id="paint0_linear_1205_1615" x1="68.9629" y1="30.6531" x2="82.3473" y2="26.8666" gradientunits="userSpaceOnUse"><stop stop-color="#F59723"></stop><stop offset="0.312" stop-color="#F69822"></stop><stop offset="0.838" stop-color="#E87726"></stop></lineargradient><lineargradient id="paint1_linear_1205_1615" x1="39.6279" y1="90.4614" x2="66.5901" y2="32.1867" gradientunits="userSpaceOnUse"><stop offset="0.323" stop-color="#9C2063"></stop><stop offset="0.63" stop-color="#C82037"></stop><stop offset="0.751" stop-color="#CC2135"></stop><stop offset="1" stop-color="#E87726"></stop></lineargradient><lineargradient id="paint2_linear_1205_1615" x1="48.8009" y1="86.1428" x2="64.8605" y2="51.4325" gradientunits="userSpaceOnUse"><stop stop-color="#282661"></stop><stop offset="0.0955" stop-color="#662E8C"></stop><stop offset="0.788" stop-color="#9E2064"></stop><stop offset="0.949" stop-color="#CC2032"></stop></lineargradient><lineargradient id="paint3_linear_1205_1615" x1="40.6098" y1="86.9452" x2="67.572" y2="28.6704" gradientunits="userSpaceOnUse"><stop offset="0.323" stop-color="#9C2063"></stop><stop offset="0.63" stop-color="#C82037"></stop><stop offset="0.751" stop-color="#CC2135"></stop><stop offset="1" stop-color="#E87726"></stop></lineargradient><lineargradient id="paint4_linear_1205_1615" x1="43.3943" y1="83.0569" x2="57.5598" y2="52.4403" gradientunits="userSpaceOnUse"><stop stop-color="#282661"></stop><stop offset="0.0955" stop-color="#662E8C"></stop><stop offset="0.788" stop-color="#9E2064"></stop><stop offset="0.949" stop-color="#CC2032"></stop></lineargradient><lineargradient id="paint5_linear_1205_1615" x1="46.6821" y1="89.7584" x2="73.6443" y2="31.4837" gradientunits="userSpaceOnUse"><stop offset="0.323" stop-color="#9C2063"></stop><stop offset="0.63" stop-color="#C82037"></stop><stop offset="0.751" stop-color="#CC2135"></stop><stop offset="1" stop-color="#E87726"></stop></lineargradient><lineargradient id="paint6_linear_1205_1615" x1="44.6883" y1="93.2181" x2="71.6505" y2="34.9433" gradientunits="userSpaceOnUse"><stop offset="0.323" stop-color="#9C2063"></stop><stop offset="0.63" stop-color="#C82037"></stop><stop offset="0.751" stop-color="#CC2135"></stop><stop offset="1" stop-color="#E87726"></stop></lineargradient><lineargradient id="paint7_linear_1205_1615" x1="48.4817" y1="90.5893" x2="75.4439" y2="32.3146" gradientunits="userSpaceOnUse"><stop offset="0.323" stop-color="#9C2063"></stop><stop offset="0.63" stop-color="#C82037"></stop><stop offset="0.751" stop-color="#CC2135"></stop><stop offset="1" stop-color="#E87726"></stop></lineargradient><lineargradient id="paint8_linear_1205_1615" x1="48.2703" y1="90.4931" x2="75.2327" y2="32.2186" gradientunits="userSpaceOnUse"><stop offset="0.323" stop-color="#9C2063"></stop><stop offset="0.63" stop-color="#C82037"></stop><stop offset="0.751" stop-color="#CC2135"></stop><stop offset="1" stop-color="#E87726"></stop></lineargradient><lineargradient id="paint9_linear_1205_1615" x1="63.3801" y1="58.0838" x2="69.6049" y2="44.63" gradientunits="userSpaceOnUse"><stop offset="0.323" stop-color="#9C2063"></stop><stop offset="0.63" stop-color="#C82037"></stop><stop offset="0.751" stop-color="#CC2135"></stop><stop offset="1" stop-color="#E87726"></stop></lineargradient></defs></svg></div></div><p class="text-white text-2xl tracking-[0.02em] leading-10 lg:w-3/4">This project is  <span id="yellow-underline" class="relative whitespace-nowrap">APL 2.0 licensed</span> and sources are available on Github.</p></div><div class="mt-12 flex flex-col items-center justify-center space-y-10 font-semibold lg:text-lg tracking-[0.02em] leading-[140%]"><a href="https://github.com/stateful/vscode-runme" class="w-full flex flex-col sm:flex-row sm:items-center sm:space-x-4"><span class="bg-[#E476FF] rounded-md p-4 flex items-center space-x-2"><svg xmlns="http://www.w3.org/2000/svg" width="40" height="40" viewbox="0 0 24 24" stroke-width="2" stroke="currentColor" fill="none" stroke-linecap="round" stroke-linejoin="round"><path stroke="none" d="M0 0h24v24H0z" fill="none"></path><path d="M9 19c-4.3 1.4 -4.3 -2.5 -6 -3m12 5v-3.5c0 -1 .1 -1.4 -.5 -2c2.8 -.3 5.5 -1.4 5.5 -6a4.6 4.6 0 0 0 -1.3 -3.2a4.2 4.2 0 0 0 -.1 -3.2s-1.1 -.3 -3.5 1.3a12.3 12.3 0 0 0 -6.2 0c-2.4 -1.6 -3.5 -1.3 -3.5 -1.3a4.2 4.2 0 0 0 -.1 3.2a4.6 4.6 0 0 0 -1.3 3.2c0 4.6 2.7 5.7 5.5 6c-.6 .6 -.6 1.2 -.5 2v3.5"></path></svg>stateful/vscode-runme</span><div>The VS Code Extension</div></a><a href="https://github.com/stateful/runme" class="w-full flex flex-col sm:flex-row sm:items-center sm:space-x-4"><span class="bg-[#3693FF] rounded-md p-4 flex items-center space-x-2"><svg xmlns="http://www.w3.org/2000/svg" width="40" height="40" viewbox="0 0 24 24" stroke-width="2" stroke="currentColor" fill="none" stroke-linecap="round" stroke-linejoin="round"><path stroke="none" d="M0 0h24v24H0z" fill="none"></path><path d="M9 19c-4.3 1.4 -4.3 -2.5 -6 -3m12 5v-3.5c0 -1 .1 -1.4 -.5 -2c2.8 -.3 5.5 -1.4 5.5 -6a4.6 4.6 0 0 0 -1.3 -3.2a4.2 4.2 0 0 0 -.1 -3.2s-1.1 -.3 -3.5 1.3a12.3 12.3 0 0 0 -6.2 0c-2.4 -1.6 -3.5 -1.3 -3.5 -1.3a4.2 4.2 0 0 0 -.1 3.2a4.6 4.6 0 0 0 -1.3 3.2c0 4.6 2.7 5.7 5.5 6c-.6 .6 -.6 1.2 -.5 2v3.5"></path></svg>stateful/runme</span><div>Command Line Interface (CLI) and parser</div></a><a href="https://github.com/stateful/runme.dev" class="w-full flex flex-col sm:flex-row sm:items-center sm:space-x-4"><span class="bg-[#F62459] rounded-md p-4 flex items-center space-x-2"><svg xmlns="http://www.w3.org/2000/svg" width="40" height="40" viewbox="0 0 24 24" stroke-width="2" stroke="currentColor" fill="none" stroke-linecap="round" stroke-linejoin="round"><path stroke="none" d="M0 0h24v24H0z" fill="none"></path><path d="M9 19c-4.3 1.4 -4.3 -2.5 -6 -3m12 5v-3.5c0 -1 .1 -1.4 -.5 -2c2.8 -.3 5.5 -1.4 5.5 -6a4.6 4.6 0 0 0 -1.3 -3.2a4.2 4.2 0 0 0 -.1 -3.2s-1.1 -.3 -3.5 1.3a12.3 12.3 0 0 0 -6.2 0c-2.4 -1.6 -3.5 -1.3 -3.5 -1.3a4.2 4.2 0 0 0 -.1 3.2a4.6 4.6 0 0 0 -1.3 3.2c0 4.6 2.7 5.7 5.5 6c-.6 .6 -.6 1.2 -.5 2v3.5"></path></svg>stateful/runme.dev</span><div>Showcase website and example readme.md</div></a></div></div></div>'`;
